// Jest Snapshot v1, https://goo.gl/fbAQLP

exports[`AppRouting and Navbar snapshot of Whole APP Js page 1`] = `
Object {
  "asFragment": [Function],
  "baseElement": <body>
    <div>
      <div
        class="container"
      >
        <nav
          class="nav"
          data-testid="navbar"
        >
          <h1
            class="logo"
          >
             
            <a
              aria-current="page"
              class="active"
              href="#/"
            >
              Math Magicians
            </a>
             
          </h1>
          <ul
            class="nav-links"
          >
            <li>
              <a
                aria-current="page"
                class="active-link"
                href="#/"
              >
                Home
              </a>
            </li>
            <li>
              <a
                href="#/calculator"
              >
                Calculator
              </a>
            </li>
            <li>
              <a
                href="#/quote"
              >
                Quote
              </a>
            </li>
          </ul>
        </nav>
        <div
          class="home"
          data-testid="home-div"
        >
          <h1
            class="home-heading"
          >
            Welcome to our page!
          </h1>
          <p
            data-testid="p-tag"
          >
            Lorem ipsum dolor sit amet, consectetur adipisicing elit. Ipsa nemo unde eaque. Id, porro. Vitae repudiandae officiis tempora, fugiat eligendi iusto nam, placeat vel expedita, aliquam ad ex provident ab.Lorem ipsum dolor sit amet, consectetur adipisicing elit. Ipsa nemo unde eaque. Id, porro. Vitae repudiandae officiis tempora, fugiat eligendi iusto nam, placeat vel expedita, aliquam ad ex provident ab.
             
            <br />
            Lorem ipsum dolor sit amet, consectetur adipisicing elit. Ipsa nemo unde eaque. Id, porro. Vitae repudiandae officiis tempora, fugiat eligendi iusto nam, placeat vel expedita, aliquam ad ex provident ab.Lorem ipsum dolor sit amet, consectetur adipisicing elit. Ipsa nemo unde eaque. Id, porro. Vitae repudiandae officiis tempora, fugiat eligendi iusto nam, placeat vel expedita, aliquam ad ex provident ab.
          </p>
        </div>
      </div>
    </div>
  </body>,
  "container": <div>
    <div
      class="container"
    >
      <nav
        class="nav"
        data-testid="navbar"
      >
        <h1
          class="logo"
        >
           
          <a
            aria-current="page"
            class="active"
            href="#/"
          >
            Math Magicians
          </a>
           
        </h1>
        <ul
          class="nav-links"
        >
          <li>
            <a
              aria-current="page"
              class="active-link"
              href="#/"
            >
              Home
            </a>
          </li>
          <li>
            <a
              href="#/calculator"
            >
              Calculator
            </a>
          </li>
          <li>
            <a
              href="#/quote"
            >
              Quote
            </a>
          </li>
        </ul>
      </nav>
      <div
        class="home"
        data-testid="home-div"
      >
        <h1
          class="home-heading"
        >
          Welcome to our page!
        </h1>
        <p
          data-testid="p-tag"
        >
          Lorem ipsum dolor sit amet, consectetur adipisicing elit. Ipsa nemo unde eaque. Id, porro. Vitae repudiandae officiis tempora, fugiat eligendi iusto nam, placeat vel expedita, aliquam ad ex provident ab.Lorem ipsum dolor sit amet, consectetur adipisicing elit. Ipsa nemo unde eaque. Id, porro. Vitae repudiandae officiis tempora, fugiat eligendi iusto nam, placeat vel expedita, aliquam ad ex provident ab.
           
          <br />
          Lorem ipsum dolor sit amet, consectetur adipisicing elit. Ipsa nemo unde eaque. Id, porro. Vitae repudiandae officiis tempora, fugiat eligendi iusto nam, placeat vel expedita, aliquam ad ex provident ab.Lorem ipsum dolor sit amet, consectetur adipisicing elit. Ipsa nemo unde eaque. Id, porro. Vitae repudiandae officiis tempora, fugiat eligendi iusto nam, placeat vel expedita, aliquam ad ex provident ab.
        </p>
      </div>
    </div>
  </div>,
  "debug": [Function],
  "findAllByAltText": [Function],
  "findAllByDisplayValue": [Function],
  "findAllByLabelText": [Function],
  "findAllByPlaceholderText": [Function],
  "findAllByRole": [Function],
  "findAllByTestId": [Function],
  "findAllByText": [Function],
  "findAllByTitle": [Function],
  "findByAltText": [Function],
  "findByDisplayValue": [Function],
  "findByLabelText": [Function],
  "findByPlaceholderText": [Function],
  "findByRole": [Function],
  "findByTestId": [Function],
  "findByText": [Function],
  "findByTitle": [Function],
  "getAllByAltText": [Function],
  "getAllByDisplayValue": [Function],
  "getAllByLabelText": [Function],
  "getAllByPlaceholderText": [Function],
  "getAllByRole": [Function],
  "getAllByTestId": [Function],
  "getAllByText": [Function],
  "getAllByTitle": [Function],
  "getByAltText": [Function],
  "getByDisplayValue": [Function],
  "getByLabelText": [Function],
  "getByPlaceholderText": [Function],
  "getByRole": [Function],
  "getByTestId": [Function],
  "getByText": [Function],
  "getByTitle": [Function],
  "queryAllByAltText": [Function],
  "queryAllByDisplayValue": [Function],
  "queryAllByLabelText": [Function],
  "queryAllByPlaceholderText": [Function],
  "queryAllByRole": [Function],
  "queryAllByTestId": [Function],
  "queryAllByText": [Function],
  "queryAllByTitle": [Function],
  "queryByAltText": [Function],
  "queryByDisplayValue": [Function],
  "queryByLabelText": [Function],
  "queryByPlaceholderText": [Function],
  "queryByRole": [Function],
  "queryByTestId": [Function],
  "queryByText": [Function],
  "queryByTitle": [Function],
  "rerender": [Function],
  "unmount": [Function],
}
`;
